../Drivers/CMSIS/Include/core_cm4.h:2059:26:ITM_SendChar	16	static,ignoring_inline_asm
../Core/Src/main.c:70:5:_write	32	static
../Core/Src/main.c:87:5:main	16	static
../Core/Src/main.c:169:6:SystemClock_Config	96	static
../Core/Src/main.c:218:13:MX_TIM2_Init	40	static
../Core/Src/main.c:263:13:MX_TIM7_Init	24	static
../Core/Src/main.c:301:13:MX_USART1_UART_Init	8	static
../Core/Src/main.c:336:13:MX_GPIO_Init	48	static
../Core/Src/main.c:421:6:HAL_UARTEx_RxEventCallback	16	static
../Core/Src/main.c:443:6:HAL_TIM_PeriodElapsedCallback	16	static
../Core/Src/main.c:457:6:Error_Handler	4	static,ignoring_inline_asm
