../Core/Src/SteppLibrary.c:27:6:StepMotorInit	8	static
../Core/Src/SteppLibrary.c:40:6:StartingPoint	8	static
../Core/Src/SteppLibrary.c:62:6:Pump	16	static
../Core/Src/SteppLibrary.c:74:6:MicroDelay	16	static
../Core/Src/SteppLibrary.c:80:6:StepMotorRotation	24	static
../Core/Src/SteppLibrary.c:97:6:StepMotorVector	24	static
../Core/Src/SteppLibrary.c:114:6:StepMotorUpDown	24	static
../Core/Src/SteppLibrary.c:132:6:ConvertStepsAndCommand	24	static
../Core/Src/SteppLibrary.c:138:6:CommandHandler	16	static
